2026-07-31 17:38:51,064 [INFO] roman_api.migrations: Göç: characters.novel_id ekleniyor
2026-07-31 17:38:51,068 [INFO] roman_api.migrations: Göç: character_relationships.novel_id ekleniyor
2026-07-31 17:38:51,071 [INFO] roman_api.migrations: Göç: places.novel_id ekleniyor
2026-07-31 17:38:51,074 [INFO] roman_api.migrations: Göç: events.novel_id ekleniyor
2026-07-31 17:38:51,078 [INFO] roman_api.migrations: Göç: objects.novel_id ekleniyor
2026-07-31 17:38:51,081 [INFO] roman_api.migrations: Göç: foreshadowings.novel_id ekleniyor
2026-07-31 17:38:51,084 [INFO] roman_api.migrations: Göç: glossary_terms.novel_id ekleniyor
2026-07-31 17:38:51,088 [INFO] roman_api.migrations: Göç: rules.novel_id ekleniyor
2026-07-31 17:38:51,092 [INFO] roman_api.migrations: Göç: progressions.novel_id ekleniyor
2026-07-31 17:38:51,105 [INFO] roman_api.migrations: Göç: characters.universe_id, eski novel_id üzerinden dolduruldu
2026-07-31 17:38:51,106 [INFO] roman_api.migrations: Göç: character_relationships.universe_id, eski novel_id üzerinden dolduruldu
2026-07-31 17:38:51,106 [INFO] roman_api.migrations: Göç: places.universe_id, eski novel_id üzerinden dolduruldu
2026-07-31 17:38:51,107 [INFO] roman_api.migrations: Göç: events.universe_id, eski novel_id üzerinden dolduruldu
2026-07-31 17:38:51,108 [INFO] roman_api.migrations: Göç: objects.universe_id, eski novel_id üzerinden dolduruldu
2026-07-31 17:38:51,108 [INFO] roman_api.migrations: Göç: foreshadowings.universe_id, eski novel_id üzerinden dolduruldu
2026-07-31 17:38:51,109 [INFO] roman_api.migrations: Göç: glossary_terms.universe_id, eski novel_id üzerinden dolduruldu
2026-07-31 17:38:51,110 [INFO] roman_api.migrations: Göç: rules.universe_id, eski novel_id üzerinden dolduruldu
2026-07-31 17:38:51,111 [INFO] roman_api.migrations: Göç: progressions.universe_id, eski novel_id üzerinden dolduruldu
2026-07-31 17:38:51,731 [INFO] roman_api: POST /auth/token -> 200
2026-07-31 17:38:51,733 [INFO] httpx: HTTP Request: POST http://testserver/auth/token "HTTP/1.1 200 OK"
2026-07-31 17:38:51,753 [INFO] roman_api: POST /novels/ -> 201
2026-07-31 17:38:51,754 [INFO] httpx: HTTP Request: POST http://testserver/novels/ "HTTP/1.1 201 Created"
2026-07-31 17:38:51,774 [INFO] roman_api: POST /characters/ -> 201
2026-07-31 17:38:51,776 [INFO] httpx: HTTP Request: POST http://testserver/characters/ "HTTP/1.1 201 Created"
2026-07-31 17:38:51,947 [INFO] roman_api: POST /ai/context-preview -> 200
2026-07-31 17:38:51,948 [INFO] httpx: HTTP Request: POST http://testserver/ai/context-preview "HTTP/1.1 200 OK"
2026-08-01 02:50:09,488 [INFO] roman_api.migrations: Göç: characters.novel_id ekleniyor
2026-08-01 02:50:09,495 [INFO] roman_api.migrations: Göç: character_relationships.novel_id ekleniyor
2026-08-01 02:50:09,501 [INFO] roman_api.migrations: Göç: places.novel_id ekleniyor
2026-08-01 02:50:09,505 [INFO] roman_api.migrations: Göç: events.novel_id ekleniyor
2026-08-01 02:50:09,508 [INFO] roman_api.migrations: Göç: objects.novel_id ekleniyor
2026-08-01 02:50:09,512 [INFO] roman_api.migrations: Göç: foreshadowings.novel_id ekleniyor
2026-08-01 02:50:09,515 [INFO] roman_api.migrations: Göç: glossary_terms.novel_id ekleniyor
2026-08-01 02:50:09,518 [INFO] roman_api.migrations: Göç: rules.novel_id ekleniyor
2026-08-01 02:50:09,521 [INFO] roman_api.migrations: Göç: progressions.novel_id ekleniyor
2026-08-01 02:50:09,528 [INFO] roman_api.migrations: Göç: characters.universe_id, eski novel_id üzerinden dolduruldu
2026-08-01 02:50:09,529 [INFO] roman_api.migrations: Göç: character_relationships.universe_id, eski novel_id üzerinden dolduruldu
2026-08-01 02:50:09,530 [INFO] roman_api.migrations: Göç: places.universe_id, eski novel_id üzerinden dolduruldu
2026-08-01 02:50:09,530 [INFO] roman_api.migrations: Göç: events.universe_id, eski novel_id üzerinden dolduruldu
2026-08-01 02:50:09,531 [INFO] roman_api.migrations: Göç: objects.universe_id, eski novel_id üzerinden dolduruldu
2026-08-01 02:50:09,532 [INFO] roman_api.migrations: Göç: foreshadowings.universe_id, eski novel_id üzerinden dolduruldu
2026-08-01 02:50:09,532 [INFO] roman_api.migrations: Göç: glossary_terms.universe_id, eski novel_id üzerinden dolduruldu
2026-08-01 02:50:09,533 [INFO] roman_api.migrations: Göç: rules.universe_id, eski novel_id üzerinden dolduruldu
2026-08-01 02:50:09,534 [INFO] roman_api.migrations: Göç: progressions.universe_id, eski novel_id üzerinden dolduruldu
2026-08-02 16:31:04,363 [INFO] roman_api.migrations: Göç: characters.novel_id ekleniyor
2026-08-02 16:31:04,370 [INFO] roman_api.migrations: Göç: character_relationships.novel_id ekleniyor
2026-08-02 16:31:04,374 [INFO] roman_api.migrations: Göç: places.novel_id ekleniyor
2026-08-02 16:31:04,377 [INFO] roman_api.migrations: Göç: events.novel_id ekleniyor
2026-08-02 16:31:04,382 [INFO] roman_api.migrations: Göç: objects.novel_id ekleniyor
2026-08-02 16:31:04,404 [INFO] roman_api.migrations: Göç: foreshadowings.novel_id ekleniyor
2026-08-02 16:31:04,409 [INFO] roman_api.migrations: Göç: glossary_terms.novel_id ekleniyor
2026-08-02 16:31:04,413 [INFO] roman_api.migrations: Göç: rules.novel_id ekleniyor
2026-08-02 16:31:04,417 [INFO] roman_api.migrations: Göç: progressions.novel_id ekleniyor
2026-08-02 16:31:04,427 [INFO] roman_api.migrations: Göç: characters.universe_id, eski novel_id üzerinden dolduruldu
2026-08-02 16:31:04,428 [INFO] roman_api.migrations: Göç: character_relationships.universe_id, eski novel_id üzerinden dolduruldu
2026-08-02 16:31:04,428 [INFO] roman_api.migrations: Göç: places.universe_id, eski novel_id üzerinden dolduruldu
2026-08-02 16:31:04,429 [INFO] roman_api.migrations: Göç: events.universe_id, eski novel_id üzerinden dolduruldu
2026-08-02 16:31:04,429 [INFO] roman_api.migrations: Göç: objects.universe_id, eski novel_id üzerinden dolduruldu
2026-08-02 16:31:04,430 [INFO] roman_api.migrations: Göç: foreshadowings.universe_id, eski novel_id üzerinden dolduruldu
2026-08-02 16:31:04,430 [INFO] roman_api.migrations: Göç: glossary_terms.universe_id, eski novel_id üzerinden dolduruldu
2026-08-02 16:31:04,431 [INFO] roman_api.migrations: Göç: rules.universe_id, eski novel_id üzerinden dolduruldu
2026-08-02 16:31:04,431 [INFO] roman_api.migrations: Göç: progressions.universe_id, eski novel_id üzerinden dolduruldu
2026-08-02 16:31:19,517 [INFO] roman_api.migrations: Göç: characters.novel_id ekleniyor
2026-08-02 16:31:19,525 [INFO] roman_api.migrations: Göç: character_relationships.novel_id ekleniyor
2026-08-02 16:31:19,530 [INFO] roman_api.migrations: Göç: places.novel_id ekleniyor
2026-08-02 16:31:19,535 [INFO] roman_api.migrations: Göç: events.novel_id ekleniyor
2026-08-02 16:31:19,542 [INFO] roman_api.migrations: Göç: objects.novel_id ekleniyor
2026-08-02 16:31:19,547 [INFO] roman_api.migrations: Göç: foreshadowings.novel_id ekleniyor
2026-08-02 16:31:19,553 [INFO] roman_api.migrations: Göç: glossary_terms.novel_id ekleniyor
2026-08-02 16:31:19,558 [INFO] roman_api.migrations: Göç: rules.novel_id ekleniyor
2026-08-02 16:31:19,564 [INFO] roman_api.migrations: Göç: progressions.novel_id ekleniyor
2026-08-02 16:31:19,572 [INFO] roman_api.migrations: Göç: characters.universe_id, eski novel_id üzerinden dolduruldu
2026-08-02 16:31:19,573 [INFO] roman_api.migrations: Göç: character_relationships.universe_id, eski novel_id üzerinden dolduruldu
2026-08-02 16:31:19,574 [INFO] roman_api.migrations: Göç: places.universe_id, eski novel_id üzerinden dolduruldu
2026-08-02 16:31:19,574 [INFO] roman_api.migrations: Göç: events.universe_id, eski novel_id üzerinden dolduruldu
2026-08-02 16:31:19,575 [INFO] roman_api.migrations: Göç: objects.universe_id, eski novel_id üzerinden dolduruldu
2026-08-02 16:31:19,576 [INFO] roman_api.migrations: Göç: foreshadowings.universe_id, eski novel_id üzerinden dolduruldu
2026-08-02 16:31:19,577 [INFO] roman_api.migrations: Göç: glossary_terms.universe_id, eski novel_id üzerinden dolduruldu
2026-08-02 16:31:19,577 [INFO] roman_api.migrations: Göç: rules.universe_id, eski novel_id üzerinden dolduruldu
2026-08-02 16:31:19,578 [INFO] roman_api.migrations: Göç: progressions.universe_id, eski novel_id üzerinden dolduruldu
2026-08-02 16:31:32,024 [INFO] roman_api.migrations: Göç: characters.novel_id ekleniyor
2026-08-02 16:31:32,029 [INFO] roman_api.migrations: Göç: character_relationships.novel_id ekleniyor
2026-08-02 16:31:32,033 [INFO] roman_api.migrations: Göç: places.novel_id ekleniyor
2026-08-02 16:31:32,038 [INFO] roman_api.migrations: Göç: events.novel_id ekleniyor
2026-08-02 16:31:32,042 [INFO] roman_api.migrations: Göç: objects.novel_id ekleniyor
2026-08-02 16:31:32,046 [INFO] roman_api.migrations: Göç: foreshadowings.novel_id ekleniyor
2026-08-02 16:31:32,050 [INFO] roman_api.migrations: Göç: glossary_terms.novel_id ekleniyor
2026-08-02 16:31:32,054 [INFO] roman_api.migrations: Göç: rules.novel_id ekleniyor
2026-08-02 16:31:32,058 [INFO] roman_api.migrations: Göç: progressions.novel_id ekleniyor
2026-08-02 16:31:32,067 [INFO] roman_api.migrations: Göç: characters.universe_id, eski novel_id üzerinden dolduruldu
2026-08-02 16:31:32,067 [INFO] roman_api.migrations: Göç: character_relationships.universe_id, eski novel_id üzerinden dolduruldu
2026-08-02 16:31:32,068 [INFO] roman_api.migrations: Göç: places.universe_id, eski novel_id üzerinden dolduruldu
2026-08-02 16:31:32,068 [INFO] roman_api.migrations: Göç: events.universe_id, eski novel_id üzerinden dolduruldu
2026-08-02 16:31:32,069 [INFO] roman_api.migrations: Göç: objects.universe_id, eski novel_id üzerinden dolduruldu
2026-08-02 16:31:32,069 [INFO] roman_api.migrations: Göç: foreshadowings.universe_id, eski novel_id üzerinden dolduruldu
2026-08-02 16:31:32,070 [INFO] roman_api.migrations: Göç: glossary_terms.universe_id, eski novel_id üzerinden dolduruldu
2026-08-02 16:31:32,071 [INFO] roman_api.migrations: Göç: rules.universe_id, eski novel_id üzerinden dolduruldu
2026-08-02 16:31:32,071 [INFO] roman_api.migrations: Göç: progressions.universe_id, eski novel_id üzerinden dolduruldu
2026-08-07 17:50:27,046 [INFO] roman_api.migrations: Göç: characters.novel_id ekleniyor
2026-08-07 17:50:27,048 [INFO] roman_api.migrations: Göç: character_relationships.novel_id ekleniyor
2026-08-07 17:50:27,050 [INFO] roman_api.migrations: Göç: places.novel_id ekleniyor
2026-08-07 17:50:27,052 [INFO] roman_api.migrations: Göç: events.novel_id ekleniyor
2026-08-07 17:50:27,053 [INFO] roman_api.migrations: Göç: objects.novel_id ekleniyor
2026-08-07 17:50:27,055 [INFO] roman_api.migrations: Göç: foreshadowings.novel_id ekleniyor
2026-08-07 17:50:27,057 [INFO] roman_api.migrations: Göç: glossary_terms.novel_id ekleniyor
2026-08-07 17:50:27,059 [INFO] roman_api.migrations: Göç: rules.novel_id ekleniyor
2026-08-07 17:50:27,060 [INFO] roman_api.migrations: Göç: progressions.novel_id ekleniyor
2026-08-07 17:50:27,067 [INFO] roman_api.migrations: Göç: characters.universe_id, eski novel_id üzerinden dolduruldu
2026-08-07 17:50:27,068 [INFO] roman_api.migrations: Göç: character_relationships.universe_id, eski novel_id üzerinden dolduruldu
2026-08-07 17:50:27,069 [INFO] roman_api.migrations: Göç: places.universe_id, eski novel_id üzerinden dolduruldu
2026-08-07 17:50:27,069 [INFO] roman_api.migrations: Göç: events.universe_id, eski novel_id üzerinden dolduruldu
2026-08-07 17:50:27,070 [INFO] roman_api.migrations: Göç: objects.universe_id, eski novel_id üzerinden dolduruldu
2026-08-07 17:50:27,071 [INFO] roman_api.migrations: Göç: foreshadowings.universe_id, eski novel_id üzerinden dolduruldu
2026-08-07 17:50:27,071 [INFO] roman_api.migrations: Göç: glossary_terms.universe_id, eski novel_id üzerinden dolduruldu
2026-08-07 17:50:27,072 [INFO] roman_api.migrations: Göç: rules.universe_id, eski novel_id üzerinden dolduruldu
2026-08-07 17:50:27,073 [INFO] roman_api.migrations: Göç: progressions.universe_id, eski novel_id üzerinden dolduruldu
2026-08-07 17:50:27,610 [INFO] roman_api: GET /health -> 200
2026-08-07 17:50:27,612 [INFO] httpx: HTTP Request: GET http://testserver/health "HTTP/1.1 200 OK"
2026-08-15 03:35:14,954 [INFO] roman_api.migrations: Göç: characters.novel_id ekleniyor
2026-08-15 03:35:14,957 [INFO] roman_api.migrations: Göç: character_relationships.novel_id ekleniyor
2026-08-15 03:35:14,959 [INFO] roman_api.migrations: Göç: places.novel_id ekleniyor
2026-08-15 03:35:14,961 [INFO] roman_api.migrations: Göç: events.novel_id ekleniyor
2026-08-15 03:35:14,963 [INFO] roman_api.migrations: Göç: objects.novel_id ekleniyor
2026-08-15 03:35:14,965 [INFO] roman_api.migrations: Göç: foreshadowings.novel_id ekleniyor
2026-08-15 03:35:14,966 [INFO] roman_api.migrations: Göç: glossary_terms.novel_id ekleniyor
2026-08-15 03:35:14,968 [INFO] roman_api.migrations: Göç: rules.novel_id ekleniyor
2026-08-15 03:35:14,970 [INFO] roman_api.migrations: Göç: progressions.novel_id ekleniyor
2026-08-15 03:35:14,977 [INFO] roman_api.migrations: Göç: characters.universe_id, eski novel_id üzerinden dolduruldu
2026-08-15 03:35:14,978 [INFO] roman_api.migrations: Göç: character_relationships.universe_id, eski novel_id üzerinden dolduruldu
2026-08-15 03:35:14,978 [INFO] roman_api.migrations: Göç: places.universe_id, eski novel_id üzerinden dolduruldu
2026-08-15 03:35:14,979 [INFO] roman_api.migrations: Göç: events.universe_id, eski novel_id üzerinden dolduruldu
2026-08-15 03:35:14,979 [INFO] roman_api.migrations: Göç: objects.universe_id, eski novel_id üzerinden dolduruldu
2026-08-15 03:35:14,980 [INFO] roman_api.migrations: Göç: foreshadowings.universe_id, eski novel_id üzerinden dolduruldu
2026-08-15 03:35:14,980 [INFO] roman_api.migrations: Göç: glossary_terms.universe_id, eski novel_id üzerinden dolduruldu
2026-08-15 03:35:14,980 [INFO] roman_api.migrations: Göç: rules.universe_id, eski novel_id üzerinden dolduruldu
2026-08-15 03:35:14,981 [INFO] roman_api.migrations: Göç: progressions.universe_id, eski novel_id üzerinden dolduruldu
